roshan@roshan-Inspiron-5570:~$ sudo apt-get install openssh-server openssh-client
[sudo] password for roshan: 
Reading package lists... Done
Building dependency tree       
Reading state information... Done
openssh-client is already the newest version (1:8.2p1-4ubuntu0.1).
openssh-server is already the newest version (1:8.2p1-4ubuntu0.1).
0 upgraded, 0 newly installed, 0 to remove and 345 not upgraded.
roshan@roshan-Inspiron-5570:~$ ssh-keygen -t rsa -P ""
Generating public/private rsa key pair.
Enter file in which to save the key (/home/roshan/.ssh/id_rsa): 
/home/roshan/.ssh/id_rsa already exists.
Overwrite (y/n)? y
Your identification has been saved in /home/roshan/.ssh/id_rsa
Your public key has been saved in /home/roshan/.ssh/id_rsa.pub
The key fingerprint is:
SHA256:SNV+J0jOJaoYj4332o1gP9V+UGszhhoX/fHV6pbSutU roshan@roshan-Inspiron-5570
The key's randomart image is:
+---[RSA 3072]----+
|        ..       |
|       .  + .    |
|      .  * + .  .|
|    .. .. = + +.o|
|     B..S  o * ++|
|    + =   o = B.o|
|     .o. . = *.+E|
|     . +oo. o.*  |
|      ..+.. o*   |
+----[SHA256]-----+
roshan@roshan-Inspiron-5570:~$ cat $HOME/.ssh/id_rsa.pub >> $HOME/.ssh/authorized_keys
roshan@roshan-Inspiron-5570:~$ ssh localhost
Welcome to Ubuntu 20.04.1 LTS (GNU/Linux 5.4.0-58-generic x86_64)

 * Documentation:  https://help.ubuntu.com
 * Management:     https://landscape.canonical.com
 * Support:        https://ubuntu.com/advantage


351 updates can be installed immediately.
145 of these updates are security updates.
To see these additional updates run: apt list --upgradable

Your Hardware Enablement Stack (HWE) is supported until April 2025.
Last login: Sun Feb 14 22:35:21 2021 from 127.0.0.1
roshan@roshan-Inspiron-5570:~$ nano .bashrc
roshan@roshan-Inspiron-5570:~$ source .bashrc
roshan@roshan-Inspiron-5570:~$ cd 5Q0
roshan@roshan-Inspiron-5570:~/5Q0$ bin/hdfs namenode -format
21/02/14 22:38:35 INFO namenode.NameNode: STARTUP_MSG: 
/************************************************************
STARTUP_MSG: Starting NameNode
STARTUP_MSG:   host = roshan-Inspiron-5570/127.0.1.1
STARTUP_MSG:   args = [-format]
STARTUP_MSG:   version = 2.5.0-cdh5.3.2
STARTUP_MSG:   classpath = /home/roshan/5Q0/etc/hadoop:/home/roshan/5Q0/share/hadoop/common/lib/hamcrest-core-1.3.jar:/home/roshan/5Q0/share/hadoop/common/lib/curator-framework-2.6.0.jar:/home/roshan/5Q0/share/hadoop/common/lib/guava-11.0.2.jar:/home/roshan/5Q0/share/hadoop/common/lib/jackson-xc-1.8.8.jar:/home/roshan/5Q0/share/hadoop/common/lib/commons-cli-1.2.jar:/home/roshan/5Q0/share/hadoop/common/lib/commons-codec-1.4.jar:/home/roshan/5Q0/share/hadoop/common/lib/commons-configuration-1.6.jar:/home/roshan/5Q0/share/hadoop/common/lib/curator-client-2.6.0.jar:/home/roshan/5Q0/share/hadoop/common/lib/jaxb-impl-2.2.3-1.jar:/home/roshan/5Q0/share/hadoop/common/lib/jersey-json-1.9.jar:/home/roshan/5Q0/share/hadoop/common/lib/avro-1.7.6-cdh5.3.2.jar:/home/roshan/5Q0/share/hadoop/common/lib/gson-2.2.4.jar:/home/roshan/5Q0/share/hadoop/common/lib/curator-recipes-2.6.0.jar:/home/roshan/5Q0/share/hadoop/common/lib/jersey-core-1.9.jar:/home/roshan/5Q0/share/hadoop/common/lib/apacheds-i18n-2.0.0-M15.jar:/home/roshan/5Q0/share/hadoop/common/lib/jasper-compiler-5.5.23.jar:/home/roshan/5Q0/share/hadoop/common/lib/jsr305-1.3.9.jar:/home/roshan/5Q0/share/hadoop/common/lib/jetty-6.1.26.cloudera.4.jar:/home/roshan/5Q0/share/hadoop/common/lib/hadoop-annotations-2.5.0-cdh5.3.2.jar:/home/roshan/5Q0/share/hadoop/common/lib/commons-beanutils-core-1.8.0.jar:/home/roshan/5Q0/share/hadoop/common/lib/paranamer-2.3.jar:/home/roshan/5Q0/share/hadoop/common/lib/netty-3.6.2.Final.jar:/home/roshan/5Q0/share/hadoop/common/lib/jsp-api-2.1.jar:/home/roshan/5Q0/share/hadoop/common/lib/commons-net-3.1.jar:/home/roshan/5Q0/share/hadoop/common/lib/apacheds-kerberos-codec-2.0.0-M15.jar:/home/roshan/5Q0/share/hadoop/common/lib/hadoop-auth-2.5.0-cdh5.3.2.jar:/home/roshan/5Q0/share/hadoop/common/lib/xmlenc-0.52.jar:/home/roshan/5Q0/share/hadoop/common/lib/commons-lang-2.6.jar:/home/roshan/5Q0/share/hadoop/common/lib/log4j-1.2.17.jar:/home/roshan/5Q0/share/hadoop/common/lib/commons-compress-1.4.1.jar:/home/roshan/5Q0/share/hadoop/common/lib/servlet-api-2.5.jar:/home/roshan/5Q0/share/hadoop/common/lib/commons-math3-3.1.1.jar:/home/roshan/5Q0/share/hadoop/common/lib/stax-api-1.0-2.jar:/home/roshan/5Q0/share/hadoop/common/lib/commons-io-2.4.jar:/home/roshan/5Q0/share/hadoop/common/lib/commons-logging-1.1.3.jar:/home/roshan/5Q0/share/hadoop/common/lib/httpclient-4.2.5.jar:/home/roshan/5Q0/share/hadoop/common/lib/xz-1.0.jar:/home/roshan/5Q0/share/hadoop/common/lib/jackson-jaxrs-1.8.8.jar:/home/roshan/5Q0/share/hadoop/common/lib/commons-httpclient-3.1.jar:/home/roshan/5Q0/share/hadoop/common/lib/jackson-mapper-asl-1.8.8.jar:/home/roshan/5Q0/share/hadoop/common/lib/slf4j-log4j12-1.7.5.jar:/home/roshan/5Q0/share/hadoop/common/lib/java-xmlbuilder-0.4.jar:/home/roshan/5Q0/share/hadoop/common/lib/activation-1.1.jar:/home/roshan/5Q0/share/hadoop/common/lib/commons-beanutils-1.7.0.jar:/home/roshan/5Q0/share/hadoop/common/lib/api-asn1-api-1.0.0-M20.jar:/home/roshan/5Q0/share/hadoop/common/lib/commons-collections-3.2.1.jar:/home/roshan/5Q0/share/hadoop/common/lib/snappy-java-1.0.4.1.jar:/home/roshan/5Q0/share/hadoop/common/lib/zookeeper-3.4.5-cdh5.3.2.jar:/home/roshan/5Q0/share/hadoop/common/lib/junit-4.11.jar:/home/roshan/5Q0/share/hadoop/common/lib/jetty-util-6.1.26.cloudera.4.jar:/home/roshan/5Q0/share/hadoop/common/lib/jackson-core-asl-1.8.8.jar:/home/roshan/5Q0/share/hadoop/common/lib/jasper-runtime-5.5.23.jar:/home/roshan/5Q0/share/hadoop/common/lib/protobuf-java-2.5.0.jar:/home/roshan/5Q0/share/hadoop/common/lib/jersey-server-1.9.jar:/home/roshan/5Q0/share/hadoop/common/lib/mockito-all-1.8.5.jar:/home/roshan/5Q0/share/hadoop/common/lib/jets3t-0.9.0.jar:/home/roshan/5Q0/share/hadoop/common/lib/commons-el-1.0.jar:/home/roshan/5Q0/share/hadoop/common/lib/jaxb-api-2.2.2.jar:/home/roshan/5Q0/share/hadoop/common/lib/asm-3.2.jar:/home/roshan/5Q0/share/hadoop/common/lib/api-util-1.0.0-M20.jar:/home/roshan/5Q0/share/hadoop/common/lib/slf4j-api-1.7.5.jar:/home/roshan/5Q0/share/hadoop/common/lib/jettison-1.1.jar:/home/roshan/5Q0/share/hadoop/common/lib/commons-digester-1.8.jar:/home/roshan/5Q0/share/hadoop/common/lib/jsch-0.1.42.jar:/home/roshan/5Q0/share/hadoop/common/lib/httpcore-4.2.5.jar:/home/roshan/5Q0/share/hadoop/common/hadoop-common-2.5.0-cdh5.3.2-tests.jar:/home/roshan/5Q0/share/hadoop/common/hadoop-nfs-2.5.0-cdh5.3.2.jar:/home/roshan/5Q0/share/hadoop/common/hadoop-common-2.5.0-cdh5.3.2.jar:/home/roshan/5Q0/share/hadoop/hdfs:/home/roshan/5Q0/share/hadoop/hdfs/lib/guava-11.0.2.jar:/home/roshan/5Q0/share/hadoop/hdfs/lib/commons-cli-1.2.jar:/home/roshan/5Q0/share/hadoop/hdfs/lib/commons-daemon-1.0.13.jar:/home/roshan/5Q0/share/hadoop/hdfs/lib/commons-codec-1.4.jar:/home/roshan/5Q0/share/hadoop/hdfs/lib/jersey-core-1.9.jar:/home/roshan/5Q0/share/hadoop/hdfs/lib/jsr305-1.3.9.jar:/home/roshan/5Q0/share/hadoop/hdfs/lib/jetty-6.1.26.cloudera.4.jar:/home/roshan/5Q0/share/hadoop/hdfs/lib/netty-3.6.2.Final.jar:/home/roshan/5Q0/share/hadoop/hdfs/lib/jsp-api-2.1.jar:/home/roshan/5Q0/share/hadoop/hdfs/lib/xmlenc-0.52.jar:/home/roshan/5Q0/share/hadoop/hdfs/lib/commons-lang-2.6.jar:/home/roshan/5Q0/share/hadoop/hdfs/lib/log4j-1.2.17.jar:/home/roshan/5Q0/share/hadoop/hdfs/lib/servlet-api-2.5.jar:/home/roshan/5Q0/share/hadoop/hdfs/lib/commons-io-2.4.jar:/home/roshan/5Q0/share/hadoop/hdfs/lib/commons-logging-1.1.3.jar:/home/roshan/5Q0/share/hadoop/hdfs/lib/jackson-mapper-asl-1.8.8.jar:/home/roshan/5Q0/share/hadoop/hdfs/lib/jetty-util-6.1.26.cloudera.4.jar:/home/roshan/5Q0/share/hadoop/hdfs/lib/jackson-core-asl-1.8.8.jar:/home/roshan/5Q0/share/hadoop/hdfs/lib/jasper-runtime-5.5.23.jar:/home/roshan/5Q0/share/hadoop/hdfs/lib/protobuf-java-2.5.0.jar:/home/roshan/5Q0/share/hadoop/hdfs/lib/jersey-server-1.9.jar:/home/roshan/5Q0/share/hadoop/hdfs/lib/commons-el-1.0.jar:/home/roshan/5Q0/share/hadoop/hdfs/lib/asm-3.2.jar:/home/roshan/5Q0/share/hadoop/hdfs/hadoop-hdfs-2.5.0-cdh5.3.2-tests.jar:/home/roshan/5Q0/share/hadoop/hdfs/hadoop-hdfs-2.5.0-cdh5.3.2.jar:/home/roshan/5Q0/share/hadoop/hdfs/hadoop-hdfs-nfs-2.5.0-cdh5.3.2.jar:/home/roshan/5Q0/share/hadoop/yarn/lib/jersey-client-1.9.jar:/home/roshan/5Q0/share/hadoop/yarn/lib/jersey-guice-1.9.jar:/home/roshan/5Q0/share/hadoop/yarn/lib/guava-11.0.2.jar:/home/roshan/5Q0/share/hadoop/yarn/lib/jackson-xc-1.8.8.jar:/home/roshan/5Q0/share/hadoop/yarn/lib/commons-cli-1.2.jar:/home/roshan/5Q0/share/hadoop/yarn/lib/commons-codec-1.4.jar:/home/roshan/5Q0/share/hadoop/yarn/lib/jaxb-impl-2.2.3-1.jar:/home/roshan/5Q0/share/hadoop/yarn/lib/jersey-json-1.9.jar:/home/roshan/5Q0/share/hadoop/yarn/lib/leveldbjni-all-1.8.jar:/home/roshan/5Q0/share/hadoop/yarn/lib/jersey-core-1.9.jar:/home/roshan/5Q0/share/hadoop/yarn/lib/aopalliance-1.0.jar:/home/roshan/5Q0/share/hadoop/yarn/lib/guice-servlet-3.0.jar:/home/roshan/5Q0/share/hadoop/yarn/lib/jsr305-1.3.9.jar:/home/roshan/5Q0/share/hadoop/yarn/lib/jetty-6.1.26.cloudera.4.jar:/home/roshan/5Q0/share/hadoop/yarn/lib/commons-lang-2.6.jar:/home/roshan/5Q0/share/hadoop/yarn/lib/log4j-1.2.17.jar:/home/roshan/5Q0/share/hadoop/yarn/lib/commons-compress-1.4.1.jar:/home/roshan/5Q0/share/hadoop/yarn/lib/servlet-api-2.5.jar:/home/roshan/5Q0/share/hadoop/yarn/lib/stax-api-1.0-2.jar:/home/roshan/5Q0/share/hadoop/yarn/lib/commons-io-2.4.jar:/home/roshan/5Q0/share/hadoop/yarn/lib/commons-logging-1.1.3.jar:/home/roshan/5Q0/share/hadoop/yarn/lib/xz-1.0.jar:/home/roshan/5Q0/share/hadoop/yarn/lib/jackson-jaxrs-1.8.8.jar:/home/roshan/5Q0/share/hadoop/yarn/lib/commons-httpclient-3.1.jar:/home/roshan/5Q0/share/hadoop/yarn/lib/jackson-mapper-asl-1.8.8.jar:/home/roshan/5Q0/share/hadoop/yarn/lib/activation-1.1.jar:/home/roshan/5Q0/share/hadoop/yarn/lib/javax.inject-1.jar:/home/roshan/5Q0/share/hadoop/yarn/lib/commons-collections-3.2.1.jar:/home/roshan/5Q0/share/hadoop/yarn/lib/zookeeper-3.4.5-cdh5.3.2.jar:/home/roshan/5Q0/share/hadoop/yarn/lib/jetty-util-6.1.26.cloudera.4.jar:/home/roshan/5Q0/share/hadoop/yarn/lib/jackson-core-asl-1.8.8.jar:/home/roshan/5Q0/share/hadoop/yarn/lib/protobuf-java-2.5.0.jar:/home/roshan/5Q0/share/hadoop/yarn/lib/jersey-server-1.9.jar:/home/roshan/5Q0/share/hadoop/yarn/lib/guice-3.0.jar:/home/roshan/5Q0/share/hadoop/yarn/lib/jaxb-api-2.2.2.jar:/home/roshan/5Q0/share/hadoop/yarn/lib/asm-3.2.jar:/home/roshan/5Q0/share/hadoop/yarn/lib/jline-0.9.94.jar:/home/roshan/5Q0/share/hadoop/yarn/lib/jettison-1.1.jar:/home/roshan/5Q0/share/hadoop/yarn/hadoop-yarn-applications-distributedshell-2.5.0-cdh5.3.2.jar:/home/roshan/5Q0/share/hadoop/yarn/hadoop-yarn-applications-unmanaged-am-launcher-2.5.0-cdh5.3.2.jar:/home/roshan/5Q0/share/hadoop/yarn/hadoop-yarn-server-nodemanager-2.5.0-cdh5.3.2.jar:/home/roshan/5Q0/share/hadoop/yarn/hadoop-yarn-server-applicationhistoryservice-2.5.0-cdh5.3.2.jar:/home/roshan/5Q0/share/hadoop/yarn/hadoop-yarn-server-common-2.5.0-cdh5.3.2.jar:/home/roshan/5Q0/share/hadoop/yarn/hadoop-yarn-client-2.5.0-cdh5.3.2.jar:/home/roshan/5Q0/share/hadoop/yarn/hadoop-yarn-server-resourcemanager-2.5.0-cdh5.3.2.jar:/home/roshan/5Q0/share/hadoop/yarn/hadoop-yarn-api-2.5.0-cdh5.3.2.jar:/home/roshan/5Q0/share/hadoop/yarn/hadoop-yarn-common-2.5.0-cdh5.3.2.jar:/home/roshan/5Q0/share/hadoop/yarn/hadoop-yarn-server-tests-2.5.0-cdh5.3.2.jar:/home/roshan/5Q0/share/hadoop/yarn/hadoop-yarn-server-web-proxy-2.5.0-cdh5.3.2.jar:/home/roshan/5Q0/share/hadoop/mapreduce/lib/hamcrest-core-1.3.jar:/home/roshan/5Q0/share/hadoop/mapreduce/lib/jersey-guice-1.9.jar:/home/roshan/5Q0/share/hadoop/mapreduce/lib/avro-1.7.6-cdh5.3.2.jar:/home/roshan/5Q0/share/hadoop/mapreduce/lib/leveldbjni-all-1.8.jar:/home/roshan/5Q0/share/hadoop/mapreduce/lib/jersey-core-1.9.jar:/home/roshan/5Q0/share/hadoop/mapreduce/lib/aopalliance-1.0.jar:/home/roshan/5Q0/share/hadoop/mapreduce/lib/guice-servlet-3.0.jar:/home/roshan/5Q0/share/hadoop/mapreduce/lib/hadoop-annotations-2.5.0-cdh5.3.2.jar:/home/roshan/5Q0/share/hadoop/mapreduce/lib/paranamer-2.3.jar:/home/roshan/5Q0/share/hadoop/mapreduce/lib/netty-3.6.2.Final.jar:/home/roshan/5Q0/share/hadoop/mapreduce/lib/log4j-1.2.17.jar:/home/roshan/5Q0/share/hadoop/mapreduce/lib/commons-compress-1.4.1.jar:/home/roshan/5Q0/share/hadoop/mapreduce/lib/commons-io-2.4.jar:/home/roshan/5Q0/share/hadoop/mapreduce/lib/xz-1.0.jar:/home/roshan/5Q0/share/hadoop/mapreduce/lib/jackson-mapper-asl-1.8.8.jar:/home/roshan/5Q0/share/hadoop/mapreduce/lib/javax.inject-1.jar:/home/roshan/5Q0/share/hadoop/mapreduce/lib/snappy-java-1.0.4.1.jar:/home/roshan/5Q0/share/hadoop/mapreduce/lib/junit-4.11.jar:/home/roshan/5Q0/share/hadoop/mapreduce/lib/jackson-core-asl-1.8.8.jar:/home/roshan/5Q0/share/hadoop/mapreduce/lib/protobuf-java-2.5.0.jar:/home/roshan/5Q0/share/hadoop/mapreduce/lib/jersey-server-1.9.jar:/home/roshan/5Q0/share/hadoop/mapreduce/lib/guice-3.0.jar:/home/roshan/5Q0/share/hadoop/mapreduce/lib/asm-3.2.jar:/home/roshan/5Q0/share/hadoop/mapreduce/hadoop-mapreduce-client-jobclient-2.5.0-cdh5.3.2.jar:/home/roshan/5Q0/share/hadoop/mapreduce/hadoop-mapreduce-client-hs-2.5.0-cdh5.3.2.jar:/home/roshan/5Q0/share/hadoop/mapreduce/hadoop-mapreduce-client-core-2.5.0-cdh5.3.2.jar:/home/roshan/5Q0/share/hadoop/mapreduce/hadoop-mapreduce-client-app-2.5.0-cdh5.3.2.jar:/home/roshan/5Q0/share/hadoop/mapreduce/hadoop-mapreduce-client-nativetask-2.5.0-cdh5.3.2.jar:/home/roshan/5Q0/share/hadoop/mapreduce/hadoop-mapreduce-client-jobclient-2.5.0-cdh5.3.2-tests.jar:/home/roshan/5Q0/share/hadoop/mapreduce/hadoop-mapreduce-examples-2.5.0-cdh5.3.2.jar:/home/roshan/5Q0/share/hadoop/mapreduce/hadoop-mapreduce-client-common-2.5.0-cdh5.3.2.jar:/home/roshan/5Q0/share/hadoop/mapreduce/hadoop-mapreduce-client-hs-plugins-2.5.0-cdh5.3.2.jar:/home/roshan/5Q0/share/hadoop/mapreduce/hadoop-mapreduce-client-shuffle-2.5.0-cdh5.3.2.jar:/contrib/capacity-scheduler/*.jar
STARTUP_MSG:   build = http://github.com/cloudera/hadoop -r 399edecc52da6b8eef1e88d8a563ede94c9cc87c; compiled by 'jenkins' on 2015-02-24T20:51Z
STARTUP_MSG:   java = 1.8.0_282
************************************************************/
21/02/14 22:38:35 INFO namenode.NameNode: registered UNIX signal handlers for [TERM, HUP, INT]
21/02/14 22:38:35 INFO namenode.NameNode: createNameNode [-format]
21/02/14 22:38:35 WARN util.NativeCodeLoader: Unable to load native-hadoop library for your platform... using builtin-java classes where applicable
Formatting using clusterid: CID-6f9bda09-f36c-4b6d-b7e7-0c659a32f72d
21/02/14 22:38:35 INFO namenode.FSNamesystem: No KeyProvider found.
21/02/14 22:38:35 INFO namenode.FSNamesystem: fsLock is fair:true
21/02/14 22:38:35 INFO blockmanagement.DatanodeManager: dfs.block.invalidate.limit=1000
21/02/14 22:38:35 INFO blockmanagement.DatanodeManager: dfs.namenode.datanode.registration.ip-hostname-check=true
21/02/14 22:38:35 INFO blockmanagement.BlockManager: dfs.namenode.startup.delay.block.deletion.sec is set to 000:00:00:00.000
21/02/14 22:38:35 INFO blockmanagement.BlockManager: The block deletion will start around 2021 Feb 14 22:38:35
21/02/14 22:38:35 INFO util.GSet: Computing capacity for map BlocksMap
21/02/14 22:38:35 INFO util.GSet: VM type       = 64-bit
21/02/14 22:38:35 INFO util.GSet: 2.0% max memory 889 MB = 17.8 MB
21/02/14 22:38:35 INFO util.GSet: capacity      = 2^21 = 2097152 entries
21/02/14 22:38:35 INFO blockmanagement.BlockManager: dfs.block.access.token.enable=false
21/02/14 22:38:35 INFO blockmanagement.BlockManager: defaultReplication         = 1
21/02/14 22:38:35 INFO blockmanagement.BlockManager: maxReplication             = 512
21/02/14 22:38:35 INFO blockmanagement.BlockManager: minReplication             = 1
21/02/14 22:38:35 INFO blockmanagement.BlockManager: maxReplicationStreams      = 2
21/02/14 22:38:35 INFO blockmanagement.BlockManager: shouldCheckForEnoughRacks  = false
21/02/14 22:38:35 INFO blockmanagement.BlockManager: replicationRecheckInterval = 3000
21/02/14 22:38:35 INFO blockmanagement.BlockManager: encryptDataTransfer        = false
21/02/14 22:38:35 INFO blockmanagement.BlockManager: maxNumBlocksToLog          = 1000
21/02/14 22:38:35 INFO namenode.FSNamesystem: fsOwner             = roshan (auth:SIMPLE)
21/02/14 22:38:35 INFO namenode.FSNamesystem: supergroup          = supergroup
21/02/14 22:38:35 INFO namenode.FSNamesystem: isPermissionEnabled = true
21/02/14 22:38:35 INFO namenode.FSNamesystem: HA Enabled: false
21/02/14 22:38:35 INFO namenode.FSNamesystem: Append Enabled: true
21/02/14 22:38:35 INFO util.GSet: Computing capacity for map INodeMap
21/02/14 22:38:35 INFO util.GSet: VM type       = 64-bit
21/02/14 22:38:35 INFO util.GSet: 1.0% max memory 889 MB = 8.9 MB
21/02/14 22:38:35 INFO util.GSet: capacity      = 2^20 = 1048576 entries
21/02/14 22:38:35 INFO namenode.NameNode: Caching file names occuring more than 10 times
21/02/14 22:38:35 INFO util.GSet: Computing capacity for map cachedBlocks
21/02/14 22:38:35 INFO util.GSet: VM type       = 64-bit
21/02/14 22:38:35 INFO util.GSet: 0.25% max memory 889 MB = 2.2 MB
21/02/14 22:38:35 INFO util.GSet: capacity      = 2^18 = 262144 entries
21/02/14 22:38:35 INFO namenode.FSNamesystem: dfs.namenode.safemode.threshold-pct = 0.9990000128746033
21/02/14 22:38:35 INFO namenode.FSNamesystem: dfs.namenode.safemode.min.datanodes = 0
21/02/14 22:38:35 INFO namenode.FSNamesystem: dfs.namenode.safemode.extension     = 30000
21/02/14 22:38:35 INFO namenode.FSNamesystem: Retry cache on namenode is enabled
21/02/14 22:38:35 INFO namenode.FSNamesystem: Retry cache will use 0.03 of total heap and retry cache entry expiry time is 600000 millis
21/02/14 22:38:35 INFO util.GSet: Computing capacity for map NameNodeRetryCache
21/02/14 22:38:35 INFO util.GSet: VM type       = 64-bit
21/02/14 22:38:35 INFO util.GSet: 0.029999999329447746% max memory 889 MB = 273.1 KB
21/02/14 22:38:35 INFO util.GSet: capacity      = 2^15 = 32768 entries
21/02/14 22:38:35 INFO namenode.NNConf: ACLs enabled? false
21/02/14 22:38:35 INFO namenode.NNConf: XAttrs enabled? true
21/02/14 22:38:35 INFO namenode.NNConf: Maximum size of an xattr: 16384
21/02/14 22:38:35 INFO namenode.FSImage: Allocated new BlockPoolId: BP-979325756-127.0.1.1-1613322515597
21/02/14 22:38:35 INFO common.Storage: Storage directory /home/roshan/5Q0hdata/dfs/name has been successfully formatted.
21/02/14 22:38:35 INFO namenode.NNStorageRetentionManager: Going to retain 1 images with txid >= 0
21/02/14 22:38:35 INFO util.ExitUtil: Exiting with status 0
21/02/14 22:38:35 INFO namenode.NameNode: SHUTDOWN_MSG: 
/************************************************************
SHUTDOWN_MSG: Shutting down NameNode at roshan-Inspiron-5570/127.0.1.1
************************************************************/
roshan@roshan-Inspiron-5570:~/5Q0$ sbin/start-dfs.sh
21/02/14 22:38:43 WARN util.NativeCodeLoader: Unable to load native-hadoop library for your platform... using builtin-java classes where applicable
Starting namenodes on [localhost]
localhost: namenode running as process 35709. Stop it first.
localhost: datanode running as process 35881. Stop it first.
Starting secondary namenodes [0.0.0.0]
0.0.0.0: secondarynamenode running as process 36093. Stop it first.
21/02/14 22:38:46 WARN util.NativeCodeLoader: Unable to load native-hadoop library for your platform... using builtin-java classes where applicable
roshan@roshan-Inspiron-5570:~/5Q0$ sbin/start-yarn.sh
starting yarn daemons
resourcemanager running as process 36238. Stop it first.
localhost: nodemanager running as process 36576. Stop it first.
roshan@roshan-Inspiron-5570:~/5Q0$ jps
36576 NodeManager
35881 DataNode
42764 Jps
35709 NameNode
36093 SecondaryNameNode
36238 ResourceManager
